=== CHAT4LEAD - TEST FLOW COMPLET ===

Ô£à Health: ok | DB: connected | Redis: connected

Ô£à Conversation initialis├®e: 5c86bbf9-8756-44a0-8490-9042589b6bbe


--- Message 1 ---
>>> USER: Bonjour, je souhaite d├®m├®nager
<<< TOM (39921ms): Bonjour ! Je me pr├®sente, je suis Tom de D├®m├®nagements Test Paris. Je suis l├á pour vous accompagner dans votre projet de d├®m├®nagement et vous proposer la meilleure solution adapt├®e ├á vos besoins. ­ƒÿè Pour commencer, pouvez-vous me dire d'o├╣ et o├╣ vous souhaitez d├®m├®nager ?

--- Message 2 ---
>>> USER: De Paris vers Versailles
<<< TOM (794ms): Un d├®m├®nagement dans la r├®gion ├Äle-de-France ! C'est not├®, vous allez quitter Paris pour vous installer ├á Versailles. Pouvez-vous me dire quel type de logement vous occupez actuellement ├á Paris et quel type de logement vous allez occuper ├á Versailles ? Est-ce un appartement, une maison, et ├á quel ├®tage ?

--- Message 3 ---
>>> USER: Un appartement F3 de 70m┬▓
<<< TOM (915ms): C'est not├®, vous avez un appartement F3 de 70m┬▓ ├á Paris. Pour estimer le volume de vos biens, je dirais que nous sommes probablement dans une fourchette de 35 ├á 45m┬│, en fonction de la quantit├® de meubles et d'objets que vous avez. Avez-vous des pi├¿ces particuli├¿res, comme une cave ou un garage, qui contiennent ├®galement des biens ├á d├®m├®nager ?

--- Message 4 ---
>>> USER: Au 3├¿me ├®tage sans ascenseur
<<< TOM (793ms): C'est not├®, votre appartement F3 de 70m┬▓ est situ├® au 3├¿me ├®tage sans ascenseur ├á Paris. Cela signifie que nous devrons prendre en compte les frais de portage pour le d├®m├®nagement. Pouvez-vous me dire si vous avez d├®j├á une id├®e de la date ├á laquelle vous souhaitez effectuer le d├®m├®nagement ?

--- Message 5 ---
>>> USER: Je pensais ├á la formule Standard
<<< TOM (11027ms): La formule Standard est notre option la plus populaire, elle inclut le chargement, le transport, le d├®chargement, ainsi que l'emballage de vos objets fragiles et le d├®montage/remontage de vos meubles. C'est une excellente choix pour ceux qui veulent une solution compl├¿te sans se ruiner. Avec la formule Standard, nous nous occupons de tout, vous n'aurez qu'├á vous installer dans votre nouveau logement. Pouvez-vous me confirmer que vous avez environ 35 ├á 45m┬│ de biens ├á d├®m├®nager, comme nous l'avions estim├® pr├®c├®demment ?

--- Message 6 ---
>>> USER: Oui bien s├╗r, je suis Sophie Martin, mon num├®ro est le 06 12 34 56 78
<<< TOM (20634ms): Merci Sophie ! C'est not├®, vous avez confirm├® l'estimation de 35 ├á 45m┬│ et vous avez choisi la formule Standard. Je vais vous faire une estimation plus pr├®cise du co├╗t du d├®m├®nagement.

Je vous propose de r├®capituler les d├®tails de votre projet :

* D├®m├®nagement de Paris ├á Versailles
* Appartement F3 de 70m┬▓ au 3├¿me ├®tage sans ascenseur
* Formule Standard (emballage des objets fragiles, d├®montage/remontage des meubles, etc.)
* Estimation de 35 ├á 45m┬│ de biens ├á d├®m├®nager

Je vais vous envoyer un r├®capitulatif par SMS au 06 12 34 56 78. Notre expert va vous appeler demain pour confirmer les d├®tails et bloquer la date de d├®m├®nagement. ├ètes-vous disponible demain matin ou apr├¿s-midi pour cette appel ?


=== TEST TERMIN├ë ===
